[2025-06-14 17:34:05.017315] Ran: python3 make_md_input_GPU.py --force --ocr-only --no-segmentation
🛠️ FORCE MODE: True
Arguments received: ['make_md_input_GPU.py', '--force', '--ocr-only', '--no-segmentation']

📷 Processing: /home/frea/test/sample/istockphoto-482541996-1024x1024.jpg
🛑 Skipping segmentation; using full image.
✅ Saved: /home/frea/test/MD/istockphoto-482541996-1024x1024.md and /home/frea/test/MD/istockphoto-482541996-1024x1024_debug.jpg

📷 Processing: /home/frea/test/sample/4.jpg
🛑 Skipping segmentation; using full image.
✅ Saved: /home/frea/test/MD/4.md and /home/frea/test/MD/4_debug.jpg

📷 Processing: /home/frea/test/sample/2.jpg
🛑 Skipping segmentation; using full image.
✅ Saved: /home/frea/test/MD/2.md and /home/frea/test/MD/2_debug.jpg

📷 Processing: /home/frea/test/sample/3.jpg
🛑 Skipping segmentation; using full image.
✅ Saved: /home/frea/test/MD/3.md and /home/frea/test/MD/3_debug.jpg

📷 Processing: /home/frea/test/sample/istockphoto-546780842-1024x1024.jpg
🛑 Skipping segmentation; using full image.
✅ Saved: /home/frea/test/MD/istockphoto-546780842-1024x1024.md and /home/frea/test/MD/istockphoto-546780842-1024x1024_debug.jpg

📷 Processing: /home/frea/test/sample/istockphoto-1217894158-612x612.jpg
🛑 Skipping segmentation; using full image.
✅ Saved: /home/frea/test/MD/istockphoto-1217894158-612x612.md and /home/frea/test/MD/istockphoto-1217894158-612x612_debug.jpg

📷 Processing: /home/frea/test/sample/istockphoto-482541996-1024x1024_2.jpg
🛑 Skipping segmentation; using full image.
✅ Saved: /home/frea/test/MD/istockphoto-482541996-1024x1024_2.md and /home/frea/test/MD/istockphoto-482541996-1024x1024_2_debug.jpg

Using a slow image processor as `use_fast` is unset and a slow processor was saved with this model. `use_fast=True` will be the default behavior in v4.52, even if the model was saved with a slow processor. This will result in minor differences in outputs. You'll still be able to use a slow processor with `use_fast=False`.
Config of the encoder: <class 'transformers.models.vit.modeling_vit.ViTModel'> is overwritten by shared encoder config: ViTConfig {
  "attention_probs_dropout_prob": 0.0,
  "encoder_stride": 16,
  "hidden_act": "gelu",
  "hidden_dropout_prob": 0.0,
  "hidden_size": 768,
  "image_size": 384,
  "initializer_range": 0.02,
  "intermediate_size": 3072,
  "layer_norm_eps": 1e-12,
  "model_type": "vit",
  "num_attention_heads": 12,
  "num_channels": 3,
  "num_hidden_layers": 12,
  "patch_size": 16,
  "pooler_act": "tanh",
  "pooler_output_size": 768,
  "qkv_bias": false,
  "torch_dtype": "float32",
  "transformers_version": "4.51.3"
}

Config of the decoder: <class 'transformers.models.trocr.modeling_trocr.TrOCRForCausalLM'> is overwritten by shared decoder config: TrOCRConfig {
  "activation_dropout": 0.0,
  "activation_function": "gelu",
  "add_cross_attention": true,
  "attention_dropout": 0.0,
  "bos_token_id": 0,
  "classifier_dropout": 0.0,
  "cross_attention_hidden_size": 768,
  "d_model": 1024,
  "decoder_attention_heads": 16,
  "decoder_ffn_dim": 4096,
  "decoder_layerdrop": 0.0,
  "decoder_layers": 12,
  "decoder_start_token_id": 2,
  "dropout": 0.1,
  "eos_token_id": 2,
  "init_std": 0.02,
  "is_decoder": true,
  "layernorm_embedding": true,
  "max_position_embeddings": 512,
  "model_type": "trocr",
  "pad_token_id": 1,
  "scale_embedding": false,
  "torch_dtype": "float32",
  "transformers_version": "4.51.3",
  "use_cache": false,
  "use_learned_position_embeddings": true,
  "vocab_size": 50265
}

Some weights of VisionEncoderDecoderModel were not initialized from the model checkpoint at microsoft/trocr-base-handwritten and are newly initialized: ['encoder.pooler.dense.bias', 'encoder.pooler.dense.weight']
You should probably TRAIN this model on a down-stream task to be able to use it for predictions and inference.
Using a slow image processor as `use_fast` is unset and a slow processor was saved with this model. `use_fast=True` will be the default behavior in v4.52, even if the model was saved with a slow processor. This will result in minor differences in outputs. You'll still be able to use a slow processor with `use_fast=False`.

Processing Images:   0%|          | 0/7 [00:00<?, ?it/s]

Segments for istockphoto-482541996-1024x1024.jpg:   0%|          | 0/1 [00:00<?, ?it/s][A

Segments for istockphoto-482541996-1024x1024.jpg: 100%|██████████| 1/1 [00:01<00:00,  1.65s/it][A

                                                                                               [A
Processing Images:  14%|█▍        | 1/7 [00:01<00:10,  1.69s/it]

Segments for 4.jpg:   0%|          | 0/1 [00:00<?, ?it/s][A

Segments for 4.jpg: 100%|██████████| 1/1 [00:02<00:00,  2.70s/it][A

                                                                 [A
Processing Images:  29%|██▊       | 2/7 [00:04<00:11,  2.30s/it]

Segments for 2.jpg:   0%|          | 0/1 [00:00<?, ?it/s][A

Segments for 2.jpg: 100%|██████████| 1/1 [00:01<00:00,  1.93s/it][A

                                                                 [A
Processing Images:  43%|████▎     | 3/7 [00:06<00:08,  2.15s/it]

Segments for 3.jpg:   0%|          | 0/1 [00:00<?, ?it/s][A

Segments for 3.jpg: 100%|██████████| 1/1 [00:00<00:00,  1.37it/s][A

                                                                 [A
Processing Images:  57%|█████▋    | 4/7 [00:07<00:04,  1.59s/it]

Segments for istockphoto-546780842-1024x1024.jpg:   0%|          | 0/1 [00:00<?, ?it/s][A

Segments for istockphoto-546780842-1024x1024.jpg: 100%|██████████| 1/1 [00:00<00:00,  1.07it/s][A

                                                                                               [A
Processing Images:  71%|███████▏  | 5/7 [00:08<00:02,  1.37s/it]

Segments for istockphoto-1217894158-612x612.jpg:   0%|          | 0/1 [00:00<?, ?it/s][A

Segments for istockphoto-1217894158-612x612.jpg: 100%|██████████| 1/1 [00:01<00:00,  1.52s/it][A

                                                                                              [A
Processing Images:  86%|████████▌ | 6/7 [00:09<00:01,  1.43s/it]

Segments for istockphoto-482541996-1024x1024_2.jpg:   0%|          | 0/1 [00:00<?, ?it/s][A

Segments for istockphoto-482541996-1024x1024_2.jpg: 100%|██████████| 1/1 [00:01<00:00,  1.13s/it][A

                                                                                                 [A
Processing Images: 100%|██████████| 7/7 [00:10<00:00,  1.33s/it]
Processing Images: 100%|██████████| 7/7 [00:10<00:00,  1.54s/it]

[2025-06-14 17:36:07.931348] Ran: python3 make_md_input_GPU.py --force --ocr-only
🛠️ FORCE MODE: True
Arguments received: ['make_md_input_GPU.py', '--force', '--ocr-only']

📷 Processing: /home/frea/test/sample/istockphoto-482541996-1024x1024.jpg

image 1/1 /home/frea/test/sample/istockphoto-482541996-1024x1024.jpg: 544x640 1 book, 152.4ms
Speed: 2.7ms preprocess, 152.4ms inference, 139.5ms postprocess per image at shape (1, 3, 544, 640)
✅ Saved: /home/frea/test/MD/istockphoto-482541996-1024x1024.md and /home/frea/test/MD/istockphoto-482541996-1024x1024_debug.jpg

📷 Processing: /home/frea/test/sample/4.jpg

image 1/1 /home/frea/test/sample/4.jpg: 640x608 1 clock, 39.1ms
Speed: 2.4ms preprocess, 39.1ms inference, 1.5ms postprocess per image at shape (1, 3, 640, 608)
✅ Saved: /home/frea/test/MD/4.md and /home/frea/test/MD/4_debug.jpg

📷 Processing: /home/frea/test/sample/2.jpg

image 1/1 /home/frea/test/sample/2.jpg: 640x608 1 bed, 5.5ms
Speed: 2.7ms preprocess, 5.5ms inference, 1.6ms postprocess per image at shape (1, 3, 640, 608)
✅ Saved: /home/frea/test/MD/2.md and /home/frea/test/MD/2_debug.jpg

📷 Processing: /home/frea/test/sample/3.jpg

image 1/1 /home/frea/test/sample/3.jpg: 256x640 (no detections), 39.5ms
Speed: 1.7ms preprocess, 39.5ms inference, 0.5ms postprocess per image at shape (1, 3, 256, 640)
⚠️ No segments found, defaulting to whole image.
✅ Saved: /home/frea/test/MD/3.md and /home/frea/test/MD/3_debug.jpg

📷 Processing: /home/frea/test/sample/istockphoto-546780842-1024x1024.jpg

image 1/1 /home/frea/test/sample/istockphoto-546780842-1024x1024.jpg: 480x640 2 clocks, 38.0ms
Speed: 1.9ms preprocess, 38.0ms inference, 2.6ms postprocess per image at shape (1, 3, 480, 640)
✅ Saved: /home/frea/test/MD/istockphoto-546780842-1024x1024.md and /home/frea/test/MD/istockphoto-546780842-1024x1024_debug.jpg

📷 Processing: /home/frea/test/sample/istockphoto-1217894158-612x612.jpg

image 1/1 /home/frea/test/sample/istockphoto-1217894158-612x612.jpg: 640x640 1 bed, 1 clock, 1 teddy bear, 7.0ms
Speed: 2.3ms preprocess, 7.0ms inference, 1.6ms postprocess per image at shape (1, 3, 640, 640)
✅ Saved: /home/frea/test/MD/istockphoto-1217894158-612x612.md and /home/frea/test/MD/istockphoto-1217894158-612x612_debug.jpg

📷 Processing: /home/frea/test/sample/istockphoto-482541996-1024x1024_2.jpg

image 1/1 /home/frea/test/sample/istockphoto-482541996-1024x1024_2.jpg: 544x640 1 book, 6.3ms
Speed: 2.2ms preprocess, 6.3ms inference, 1.6ms postprocess per image at shape (1, 3, 544, 640)
✅ Saved: /home/frea/test/MD/istockphoto-482541996-1024x1024_2.md and /home/frea/test/MD/istockphoto-482541996-1024x1024_2_debug.jpg

Using a slow image processor as `use_fast` is unset and a slow processor was saved with this model. `use_fast=True` will be the default behavior in v4.52, even if the model was saved with a slow processor. This will result in minor differences in outputs. You'll still be able to use a slow processor with `use_fast=False`.
Config of the encoder: <class 'transformers.models.vit.modeling_vit.ViTModel'> is overwritten by shared encoder config: ViTConfig {
  "attention_probs_dropout_prob": 0.0,
  "encoder_stride": 16,
  "hidden_act": "gelu",
  "hidden_dropout_prob": 0.0,
  "hidden_size": 768,
  "image_size": 384,
  "initializer_range": 0.02,
  "intermediate_size": 3072,
  "layer_norm_eps": 1e-12,
  "model_type": "vit",
  "num_attention_heads": 12,
  "num_channels": 3,
  "num_hidden_layers": 12,
  "patch_size": 16,
  "pooler_act": "tanh",
  "pooler_output_size": 768,
  "qkv_bias": false,
  "torch_dtype": "float32",
  "transformers_version": "4.51.3"
}

Config of the decoder: <class 'transformers.models.trocr.modeling_trocr.TrOCRForCausalLM'> is overwritten by shared decoder config: TrOCRConfig {
  "activation_dropout": 0.0,
  "activation_function": "gelu",
  "add_cross_attention": true,
  "attention_dropout": 0.0,
  "bos_token_id": 0,
  "classifier_dropout": 0.0,
  "cross_attention_hidden_size": 768,
  "d_model": 1024,
  "decoder_attention_heads": 16,
  "decoder_ffn_dim": 4096,
  "decoder_layerdrop": 0.0,
  "decoder_layers": 12,
  "decoder_start_token_id": 2,
  "dropout": 0.1,
  "eos_token_id": 2,
  "init_std": 0.02,
  "is_decoder": true,
  "layernorm_embedding": true,
  "max_position_embeddings": 512,
  "model_type": "trocr",
  "pad_token_id": 1,
  "scale_embedding": false,
  "torch_dtype": "float32",
  "transformers_version": "4.51.3",
  "use_cache": false,
  "use_learned_position_embeddings": true,
  "vocab_size": 50265
}

Some weights of VisionEncoderDecoderModel were not initialized from the model checkpoint at microsoft/trocr-base-handwritten and are newly initialized: ['encoder.pooler.dense.bias', 'encoder.pooler.dense.weight']
You should probably TRAIN this model on a down-stream task to be able to use it for predictions and inference.
Using a slow image processor as `use_fast` is unset and a slow processor was saved with this model. `use_fast=True` will be the default behavior in v4.52, even if the model was saved with a slow processor. This will result in minor differences in outputs. You'll still be able to use a slow processor with `use_fast=False`.

Processing Images:   0%|          | 0/7 [00:00<?, ?it/s]

Segments for istockphoto-482541996-1024x1024.jpg:   0%|          | 0/1 [00:00<?, ?it/s][A

Segments for istockphoto-482541996-1024x1024.jpg: 100%|██████████| 1/1 [00:00<00:00,  1.44it/s][A

                                                                                               [A
Processing Images:  14%|█▍        | 1/7 [00:01<00:09,  1.62s/it]

Segments for 4.jpg:   0%|          | 0/1 [00:00<?, ?it/s][A

Segments for 4.jpg: 100%|██████████| 1/1 [00:00<00:00,  1.56it/s][A

                                                                 [A
Processing Images:  29%|██▊       | 2/7 [00:02<00:05,  1.09s/it]

Segments for 2.jpg:   0%|          | 0/1 [00:00<?, ?it/s][A

Segments for 2.jpg: 100%|██████████| 1/1 [00:03<00:00,  3.40s/it][A

                                                                 [A
Processing Images:  43%|████▎     | 3/7 [00:05<00:08,  2.18s/it]

Segments for 3.jpg:   0%|          | 0/1 [00:00<?, ?it/s][A

Segments for 3.jpg: 100%|██████████| 1/1 [00:00<00:00,  1.37it/s][A

                                                                 [A
Processing Images:  57%|█████▋    | 4/7 [00:06<00:04,  1.63s/it]

Segments for istockphoto-546780842-1024x1024.jpg:   0%|          | 0/2 [00:00<?, ?it/s][A

Segments for istockphoto-546780842-1024x1024.jpg:  50%|█████     | 1/2 [00:01<00:01,  1.45s/it][A

Segments for istockphoto-546780842-1024x1024.jpg: 100%|██████████| 2/2 [00:01<00:00,  1.09it/s][A

                                                                                               [A
Processing Images:  71%|███████▏  | 5/7 [00:08<00:03,  1.79s/it]

Segments for istockphoto-1217894158-612x612.jpg:   0%|          | 0/3 [00:00<?, ?it/s][A

Segments for istockphoto-1217894158-612x612.jpg:  33%|███▎      | 1/3 [00:00<00:01,  1.40it/s][A

Segments for istockphoto-1217894158-612x612.jpg:  67%|██████▋   | 2/3 [00:01<00:00,  1.00it/s][A

Segments for istockphoto-1217894158-612x612.jpg: 100%|██████████| 3/3 [00:02<00:00,  1.26it/s][A

                                                                                              [A
Processing Images:  86%|████████▌ | 6/7 [00:11<00:02,  2.03s/it]

Segments for istockphoto-482541996-1024x1024_2.jpg:   0%|          | 0/1 [00:00<?, ?it/s][A

Segments for istockphoto-482541996-1024x1024_2.jpg: 100%|██████████| 1/1 [00:00<00:00,  1.37it/s][A

                                                                                                 [A
Processing Images: 100%|██████████| 7/7 [00:11<00:00,  1.62s/it]
Processing Images: 100%|██████████| 7/7 [00:11<00:00,  1.71s/it]

